graph: { title: "C:\Users\aadne\Documents\git-repos\Ada_Drivers_Library\middleware\src\command_line\command_line-filesystem-list_directory.adb"
class {
  classname: "command_line__filesystem__list_directory__ls_cmd"
  label: "command_line__filesystem__list_directory__ls_cmd\command_line-filesystem-list_directory.ads:34:9"
  parent: "command_line__command"
  virtuals: "1:command_line__filesystem__list_directory__name,1:command_line__command\n
             2:command_line__filesystem__list_directory__execute,2:command_line__command\n
             3:command_line__filesystem__list_directory__help,3:command_line__command\n
             -1:command_line__filesystem__list_directory___size__2,-1:command_line__command"
}
edge: { sourcename: "command_line__filesystem__list_directory__execute"
  targetname: "1:command_line__arguments,command_line__arguments"
  label: "command_line-filesystem-list_directory.adb:113:42"
}
node: { title: "command_line__filesystem__list_directory__ls_cmdIP" label: "Ls_Cmdip\nC:\Users\aadne\Documents\git-repos\Ada_Drivers_Library\middleware\src\command_line\command_line-filesystem-list_directory.ads:52:9\n24 bytes (static)" }
node: { title: "command_line__commandIP" label: "Commandip\nC:\Users\aadne\Documents\git-repos\Ada_Drivers_Library\middleware\src\command_line\command_line.ads:102:9" shape : ellipse }
edge: { sourcename: "command_line__filesystem__list_directory__ls_cmdIP" targetname: "command_line__commandIP" label: "C:\Users\aadne\Documents\git-repos\Ada_Drivers_Library\middleware\src\command_line\command_line-filesystem-list_directory.ads:52:19" }
node: { title: "command_line__filesystem__list_directory___size__2" label: "List_Directory\nC:\Users\aadne\Documents\git-repos\Ada_Drivers_Library\middleware\src\command_line\command_line-filesystem-list_directory.ads:52:9\n16 bytes (static)" }
node: { title: "command_line__filesystem__list_directory__name" label: "Name\nC:\Users\aadne\Documents\git-repos\Ada_Drivers_Library\middleware\src\command_line\command_line-filesystem-list_directory.ads:37:4\n24 bytes (static)" }
node: { title: "system__secondary_stack__ss_allocate" label: "Ss_Allocate\nC:\gnat\2021-arm-elf\arm-eabi\lib\gnat\zfp-cortex-m4f\gnat\s-secsta.ads:58:14" shape : ellipse }
edge: { sourcename: "command_line__filesystem__list_directory__name" targetname: "system__secondary_stack__ss_allocate" label: "C:\Users\aadne\Documents\git-repos\Ada_Drivers_Library\middleware\src\command_line\command_line-filesystem-list_directory.ads:38:8" }
node: { title: "C:\Users\aadne\Documents\git-repos\Ada_Drivers_Library\middleware\src\command_line\command_line-filesystem-list_directory.adb:command_line__filesystem__list_directory__execute__list__B_2___finalizer.1" label: "B_2\nC:\Users\aadne\Documents\git-repos\Ada_Drivers_Library\middleware\src\command_line\command_line-filesystem-list_directory.adb:73:13\n16 bytes (static)" }
node: { title: "system__secondary_stack__ss_release" label: "Ss_Release\nC:\gnat\2021-arm-elf\arm-eabi\lib\gnat\zfp-cortex-m4f\gnat\s-secsta.ads:70:14" shape : ellipse }
edge: { sourcename: "C:\Users\aadne\Documents\git-repos\Ada_Drivers_Library\middleware\src\command_line\command_line-filesystem-list_directory.adb:command_line__filesystem__list_directory__execute__list__B_2___finalizer.1" targetname: "system__secondary_stack__ss_release" label: "C:\Users\aadne\Documents\git-repos\Ada_Drivers_Library\middleware\src\command_line\command_line-filesystem-list_directory.adb:73:13" }
node: { title: "C:\Users\aadne\Documents\git-repos\Ada_Drivers_Library\middleware\src\command_line\command_line-filesystem-list_directory.adb:command_line__filesystem__list_directory__execute__list.0" label: "List\nC:\Users\aadne\Documents\git-repos\Ada_Drivers_Library\middleware\src\command_line\command_line-filesystem-list_directory.adb:57:7\n304 bytes (dynamic)" }
node: { title: "file_io__directory_descriptorIP" label: "Directory_Descriptorip\nC:\Users\aadne\Documents\git-repos\Ada_Drivers_Library\middleware\src\filesystem\file_io.ads:199:9" shape : ellipse }
edge: { sourcename: "C:\Users\aadne\Documents\git-repos\Ada_Drivers_Library\middleware\src\command_line\command_line-filesystem-list_directory.adb:command_line__filesystem__list_directory__execute__list.0" targetname: "file_io__directory_descriptorIP" label: "C:\Users\aadne\Documents\git-repos\Ada_Drivers_Library\middleware\src\command_line\command_line-filesystem-list_directory.adb:58:10" }
node: { title: "file_io__open__2" label: "Open\nC:\Users\aadne\Documents\git-repos\Ada_Drivers_Library\middleware\src\filesystem\file_io.ads:140:13" shape : ellipse }
edge: { sourcename: "C:\Users\aadne\Documents\git-repos\Ada_Drivers_Library\middleware\src\command_line\command_line-filesystem-list_directory.adb:command_line__filesystem__list_directory__execute__list.0" targetname: "file_io__open__2" label: "C:\Users\aadne\Documents\git-repos\Ada_Drivers_Library\middleware\src\command_line\command_line-filesystem-list_directory.adb:62:20" }
node: { title: "system__img_lli__impl__image_integer" label: "Image_Integer\nC:\gnat\2021-arm-elf\arm-eabi\lib\gnat\zfp-cortex-m4f\gnat\s-imagei.ads:43:14" shape : ellipse }
edge: { sourcename: "C:\Users\aadne\Documents\git-repos\Ada_Drivers_Library\middleware\src\command_line\command_line-filesystem-list_directory.adb:command_line__filesystem__list_directory__execute__list.0" targetname: "system__img_lli__impl__image_integer" label: "C:\Users\aadne\Documents\git-repos\Ada_Drivers_Library\middleware\src\command_line\command_line-filesystem-list_directory.adb:64:67" }
node: { title: "memcpy" label: "builtin_memcpy\n<built-in>" shape : ellipse }
edge: { sourcename: "C:\Users\aadne\Documents\git-repos\Ada_Drivers_Library\middleware\src\command_line\command_line-filesystem-list_directory.adb:command_line__filesystem__list_directory__execute__list.0" targetname: "memcpy" }
edge: { sourcename: "C:\Users\aadne\Documents\git-repos\Ada_Drivers_Library\middleware\src\command_line\command_line-filesystem-list_directory.adb:command_line__filesystem__list_directory__execute__list.0" targetname: "memcpy" }
node: { title: "__indirect_call" label: "Indirect Call Placeholder" shape : ellipse }
edge: { sourcename: "C:\Users\aadne\Documents\git-repos\Ada_Drivers_Library\middleware\src\command_line\command_line-filesystem-list_directory.adb:command_line__filesystem__list_directory__execute__list.0" targetname: "__indirect_call" label: "C:\Users\aadne\Documents\git-repos\Ada_Drivers_Library\middleware\src\command_line\command_line-filesystem-list_directory.adb:64:13" }
node: { title: "__gnat_last_chance_handler" label: "gnat_last_chance_handler\n<built-in>" shape : ellipse }
edge: { sourcename: "C:\Users\aadne\Documents\git-repos\Ada_Drivers_Library\middleware\src\command_line\command_line-filesystem-list_directory.adb:command_line__filesystem__list_directory__execute__list.0" targetname: "__gnat_last_chance_handler" label: "C:\Users\aadne\Documents\git-repos\Ada_Drivers_Library\middleware\src\command_line\command_line-filesystem-list_directory.adb:69:28" }
edge: { sourcename: "C:\Users\aadne\Documents\git-repos\Ada_Drivers_Library\middleware\src\command_line\command_line-filesystem-list_directory.adb:command_line__filesystem__list_directory__execute__list.0" targetname: "__gnat_last_chance_handler" label: "C:\Users\aadne\Documents\git-repos\Ada_Drivers_Library\middleware\src\command_line\command_line-filesystem-list_directory.adb:69:28" }
edge: { sourcename: "C:\Users\aadne\Documents\git-repos\Ada_Drivers_Library\middleware\src\command_line\command_line-filesystem-list_directory.adb:command_line__filesystem__list_directory__execute__list.0" targetname: "memcpy" }
edge: { sourcename: "C:\Users\aadne\Documents\git-repos\Ada_Drivers_Library\middleware\src\command_line\command_line-filesystem-list_directory.adb:command_line__filesystem__list_directory__execute__list.0" targetname: "__indirect_call" label: "C:\Users\aadne\Documents\git-repos\Ada_Drivers_Library\middleware\src\command_line\command_line-filesystem-list_directory.adb:69:13" }
node: { title: "system__secondary_stack__ss_mark" label: "Ss_Mark\nC:\gnat\2021-arm-elf\arm-eabi\lib\gnat\zfp-cortex-m4f\gnat\s-secsta.ads:67:13" shape : ellipse }
edge: { sourcename: "C:\Users\aadne\Documents\git-repos\Ada_Drivers_Library\middleware\src\command_line\command_line-filesystem-list_directory.adb:command_line__filesystem__list_directory__execute__list.0" targetname: "system__secondary_stack__ss_mark" label: "C:\Users\aadne\Documents\git-repos\Ada_Drivers_Library\middleware\src\command_line\command_line-filesystem-list_directory.adb:73:13" }
node: { title: "file_io__read__2" label: "Read\nC:\Users\aadne\Documents\git-repos\Ada_Drivers_Library\middleware\src\filesystem\file_io.ads:158:13" shape : ellipse }
edge: { sourcename: "C:\Users\aadne\Documents\git-repos\Ada_Drivers_Library\middleware\src\command_line\command_line-filesystem-list_directory.adb:command_line__filesystem__list_directory__execute__list.0" targetname: "file_io__read__2" label: "C:\Users\aadne\Documents\git-repos\Ada_Drivers_Library\middleware\src\command_line\command_line-filesystem-list_directory.adb:74:50" }
edge: { sourcename: "C:\Users\aadne\Documents\git-repos\Ada_Drivers_Library\middleware\src\command_line\command_line-filesystem-list_directory.adb:command_line__filesystem__list_directory__execute__list.0" targetname: "__indirect_call" label: "C:\Users\aadne\Documents\git-repos\Ada_Drivers_Library\middleware\src\command_line\command_line-filesystem-list_directory.adb:80:22" }
edge: { sourcename: "C:\Users\aadne\Documents\git-repos\Ada_Drivers_Library\middleware\src\command_line\command_line-filesystem-list_directory.adb:command_line__filesystem__list_directory__execute__list.0" targetname: "memcpy" }
edge: { sourcename: "C:\Users\aadne\Documents\git-repos\Ada_Drivers_Library\middleware\src\command_line\command_line-filesystem-list_directory.adb:command_line__filesystem__list_directory__execute__list.0" targetname: "__indirect_call" label: "C:\Users\aadne\Documents\git-repos\Ada_Drivers_Library\middleware\src\command_line\command_line-filesystem-list_directory.adb:83:22" }
edge: { sourcename: "C:\Users\aadne\Documents\git-repos\Ada_Drivers_Library\middleware\src\command_line\command_line-filesystem-list_directory.adb:command_line__filesystem__list_directory__execute__list.0" targetname: "C:\Users\aadne\Documents\git-repos\Ada_Drivers_Library\middleware\src\command_line\command_line-filesystem-list_directory.adb:command_line__filesystem__list_directory__execute__list__B_2___finalizer.1" label: "C:\Users\aadne\Documents\git-repos\Ada_Drivers_Library\middleware\src\command_line\command_line-filesystem-list_directory.adb:86:0" }
edge: { sourcename: "C:\Users\aadne\Documents\git-repos\Ada_Drivers_Library\middleware\src\command_line\command_line-filesystem-list_directory.adb:command_line__filesystem__list_directory__execute__list.0" targetname: "__indirect_call" label: "C:\Users\aadne\Documents\git-repos\Ada_Drivers_Library\middleware\src\command_line\command_line-filesystem-list_directory.adb:89:10" }
node: { title: "file_io__reset" label: "Reset\nC:\Users\aadne\Documents\git-repos\Ada_Drivers_Library\middleware\src\filesystem\file_io.ads:161:14" shape : ellipse }
edge: { sourcename: "C:\Users\aadne\Documents\git-repos\Ada_Drivers_Library\middleware\src\command_line\command_line-filesystem-list_directory.adb:command_line__filesystem__list_directory__execute__list.0" targetname: "file_io__reset" label: "C:\Users\aadne\Documents\git-repos\Ada_Drivers_Library\middleware\src\command_line\command_line-filesystem-list_directory.adb:92:13" }
edge: { sourcename: "C:\Users\aadne\Documents\git-repos\Ada_Drivers_Library\middleware\src\command_line\command_line-filesystem-list_directory.adb:command_line__filesystem__list_directory__execute__list.0" targetname: "system__secondary_stack__ss_mark" label: "C:\Users\aadne\Documents\git-repos\Ada_Drivers_Library\middleware\src\command_line\command_line-filesystem-list_directory.adb:95:16" }
edge: { sourcename: "C:\Users\aadne\Documents\git-repos\Ada_Drivers_Library\middleware\src\command_line\command_line-filesystem-list_directory.adb:command_line__filesystem__list_directory__execute__list.0" targetname: "file_io__read__2" label: "C:\Users\aadne\Documents\git-repos\Ada_Drivers_Library\middleware\src\command_line\command_line-filesystem-list_directory.adb:96:53" }
edge: { sourcename: "C:\Users\aadne\Documents\git-repos\Ada_Drivers_Library\middleware\src\command_line\command_line-filesystem-list_directory.adb:command_line__filesystem__list_directory__execute__list.0" targetname: "__gnat_last_chance_handler" label: "C:\Users\aadne\Documents\git-repos\Ada_Drivers_Library\middleware\src\command_line\command_line-filesystem-list_directory.adb:101:39" }
edge: { sourcename: "C:\Users\aadne\Documents\git-repos\Ada_Drivers_Library\middleware\src\command_line\command_line-filesystem-list_directory.adb:command_line__filesystem__list_directory__execute__list.0" targetname: "__gnat_last_chance_handler" label: "C:\Users\aadne\Documents\git-repos\Ada_Drivers_Library\middleware\src\command_line\command_line-filesystem-list_directory.adb:101:39" }
edge: { sourcename: "C:\Users\aadne\Documents\git-repos\Ada_Drivers_Library\middleware\src\command_line\command_line-filesystem-list_directory.adb:command_line__filesystem__list_directory__execute__list.0" targetname: "memcpy" }
edge: { sourcename: "C:\Users\aadne\Documents\git-repos\Ada_Drivers_Library\middleware\src\command_line\command_line-filesystem-list_directory.adb:command_line__filesystem__list_directory__execute__list.0" targetname: "memcpy" }
edge: { sourcename: "C:\Users\aadne\Documents\git-repos\Ada_Drivers_Library\middleware\src\command_line\command_line-filesystem-list_directory.adb:command_line__filesystem__list_directory__execute__list.0" targetname: "C:\Users\aadne\Documents\git-repos\Ada_Drivers_Library\middleware\src\command_line\command_line-filesystem-list_directory.adb:command_line__filesystem__list_directory__execute__list.0" label: "C:\Users\aadne\Documents\git-repos\Ada_Drivers_Library\middleware\src\command_line\command_line-filesystem-list_directory.adb:101:22" }
edge: { sourcename: "C:\Users\aadne\Documents\git-repos\Ada_Drivers_Library\middleware\src\command_line\command_line-filesystem-list_directory.adb:command_line__filesystem__list_directory__execute__list.0" targetname: "C:\Users\aadne\Documents\git-repos\Ada_Drivers_Library\middleware\src\command_line\command_line-filesystem-list_directory.adb:command_line__filesystem__list_directory__execute__list__B_4___finalizer.2" label: "C:\Users\aadne\Documents\git-repos\Ada_Drivers_Library\middleware\src\command_line\command_line-filesystem-list_directory.adb:103:0" }
node: { title: "file_io__close__2" label: "Close\nC:\Users\aadne\Documents\git-repos\Ada_Drivers_Library\middleware\src\filesystem\file_io.ads:145:14" shape : ellipse }
edge: { sourcename: "C:\Users\aadne\Documents\git-repos\Ada_Drivers_Library\middleware\src\command_line\command_line-filesystem-list_directory.adb:command_line__filesystem__list_directory__execute__list.0" targetname: "file_io__close__2" label: "C:\Users\aadne\Documents\git-repos\Ada_Drivers_Library\middleware\src\command_line\command_line-filesystem-list_directory.adb:107:10" }
node: { title: "command_line__filesystem__list_directory__execute" label: "Execute\nC:\Users\aadne\Documents\git-repos\Ada_Drivers_Library\middleware\src\command_line\command_line-filesystem-list_directory.adb:40:15\n112 bytes (dynamic)" }
edge: { sourcename: "command_line__filesystem__list_directory__execute" targetname: "system__secondary_stack__ss_mark" label: "C:\Users\aadne\Documents\git-repos\Ada_Drivers_Library\middleware\src\command_line\command_line-filesystem-list_directory.adb:112:10" }
edge: { sourcename: "command_line__filesystem__list_directory__execute" targetname: "__indirect_call" label: "C:\Users\aadne\Documents\git-repos\Ada_Drivers_Library\middleware\src\command_line\command_line-filesystem-list_directory.adb:113:42" }
edge: { sourcename: "command_line__filesystem__list_directory__execute" targetname: "__gnat_last_chance_handler" label: "C:\Users\aadne\Documents\git-repos\Ada_Drivers_Library\middleware\src\command_line\command_line-filesystem-list_directory.adb:113:42" }
edge: { sourcename: "command_line__filesystem__list_directory__execute" targetname: "memcpy" }
node: { title: "memcmp" label: "builtin_memcmp\n<built-in>" shape : ellipse }
edge: { sourcename: "command_line__filesystem__list_directory__execute" targetname: "memcmp" label: "C:\Users\aadne\Documents\git-repos\Ada_Drivers_Library\middleware\src\command_line\command_line-filesystem-list_directory.adb:117:23" }
edge: { sourcename: "command_line__filesystem__list_directory__execute" targetname: "memcmp" label: "C:\Users\aadne\Documents\git-repos\Ada_Drivers_Library\middleware\src\command_line\command_line-filesystem-list_directory.adb:117:42" }
edge: { sourcename: "command_line__filesystem__list_directory__execute" targetname: "memcmp" label: "C:\Users\aadne\Documents\git-repos\Ada_Drivers_Library\middleware\src\command_line\command_line-filesystem-list_directory.adb:119:23" }
edge: { sourcename: "command_line__filesystem__list_directory__execute" targetname: "C:\Users\aadne\Documents\git-repos\Ada_Drivers_Library\middleware\src\command_line\command_line-filesystem-list_directory.adb:command_line__filesystem__list_directory__execute__list.0" label: "C:\Users\aadne\Documents\git-repos\Ada_Drivers_Library\middleware\src\command_line\command_line-filesystem-list_directory.adb:122:16" }
edge: { sourcename: "command_line__filesystem__list_directory__execute" targetname: "C:\Users\aadne\Documents\git-repos\Ada_Drivers_Library\middleware\src\command_line\command_line-filesystem-list_directory.adb:command_line__filesystem__list_directory__execute__B_6___finalizer.3" label: "C:\Users\aadne\Documents\git-repos\Ada_Drivers_Library\middleware\src\command_line\command_line-filesystem-list_directory.adb:124:0" }
node: { title: "C:\Users\aadne\Documents\git-repos\Ada_Drivers_Library\middleware\src\command_line\command_line-filesystem-list_directory.adb:command_line__filesystem__list_directory__execute__list__B_4___finalizer.2" label: "B_4\nC:\Users\aadne\Documents\git-repos\Ada_Drivers_Library\middleware\src\command_line\command_line-filesystem-list_directory.adb:95:16\n16 bytes (static)" }
edge: { sourcename: "C:\Users\aadne\Documents\git-repos\Ada_Drivers_Library\middleware\src\command_line\command_line-filesystem-list_directory.adb:command_line__filesystem__list_directory__execute__list__B_4___finalizer.2" targetname: "system__secondary_stack__ss_release" label: "C:\Users\aadne\Documents\git-repos\Ada_Drivers_Library\middleware\src\command_line\command_line-filesystem-list_directory.adb:95:16" }
node: { title: "C:\Users\aadne\Documents\git-repos\Ada_Drivers_Library\middleware\src\command_line\command_line-filesystem-list_directory.adb:command_line__filesystem__list_directory__execute__B_6___finalizer.3" label: "B_6\nC:\Users\aadne\Documents\git-repos\Ada_Drivers_Library\middleware\src\command_line\command_line-filesystem-list_directory.adb:112:10\n16 bytes (static)" }
edge: { sourcename: "C:\Users\aadne\Documents\git-repos\Ada_Drivers_Library\middleware\src\command_line\command_line-filesystem-list_directory.adb:command_line__filesystem__list_directory__execute__B_6___finalizer.3" targetname: "system__secondary_stack__ss_release" label: "C:\Users\aadne\Documents\git-repos\Ada_Drivers_Library\middleware\src\command_line\command_line-filesystem-list_directory.adb:112:10" }
node: { title: "command_line__filesystem__list_directory__help" label: "Help\nC:\Users\aadne\Documents\git-repos\Ada_Drivers_Library\middleware\src\command_line\command_line-filesystem-list_directory.adb:133:4\n56 bytes (static)" }
edge: { sourcename: "command_line__filesystem__list_directory__help" targetname: "__indirect_call" label: "C:\Users\aadne\Documents\git-repos\Ada_Drivers_Library\middleware\src\command_line\command_line-filesystem-list_directory.adb:139:7" }
edge: { sourcename: "command_line__filesystem__list_directory__help" targetname: "__indirect_call" label: "C:\Users\aadne\Documents\git-repos\Ada_Drivers_Library\middleware\src\command_line\command_line-filesystem-list_directory.adb:140:7" }
edge: { sourcename: "command_line__filesystem__list_directory__help" targetname: "__indirect_call" label: "C:\Users\aadne\Documents\git-repos\Ada_Drivers_Library\middleware\src\command_line\command_line-filesystem-list_directory.adb:141:7" }
edge: { sourcename: "command_line__filesystem__list_directory__help" targetname: "__indirect_call" label: "C:\Users\aadne\Documents\git-repos\Ada_Drivers_Library\middleware\src\command_line\command_line-filesystem-list_directory.adb:142:7" }
}
